// Vitest Snapshot v1, https://vitest.dev/guide/snapshot.html

exports[`stylesheet architecture baseline > every plugin stylesheet parses, stays diffable, and has recorded debt > existing selector debt 1`] = `
[
  "app.css: .ws-tabs button:hover, .ws-tab-active: undocumented !important",
  "views.css: .ws-view-selector button:hover, .ws-view-active: undocumented !important",
  "views.css: .ws-pr-state-open: hardcoded palette #22c55e",
  "views.css: .ws-selection-archive: undocumented !important",
  "views.css: .ws-selection-archive:hover: undocumented !important",
  "views.css: .ws-new-thread: undocumented !important",
  "views.css: .ws-new-thread:hover: undocumented !important",
  "views.css: .ws-pr-stack-layer-item: undocumented !important",
  "views.css: .ws-pr-stack-layer-item > .ws-pr-row: undocumented !important",
  "views.css: .ws-pr-stack-layer-item::before: undocumented !important",
  "views.css: .ws-focus-state-active, .ws-focus-state-starting: hardcoded palette #22c55e",
  "views.css: .ws-linear-issue b: hardcoded palette #8b5cf6",
  "views.css: .ws-priority-medium: hardcoded palette #eab308",
  "views.css: .ws-work-status-in_review: hardcoded palette #8b5cf6",
  "views.css: .ws-pr-ready_to_merge: hardcoded palette #22c55e",
  "views.css: .ws-stack-current .ws-stack-layer: undocumented !important",
  "views.css: .ws-stack-layer: undocumented !important",
  "views.css: .ws-stack-node-merged: hardcoded palette #9c6ade",
  "views.css: .ws-thread-settings-menu: hardcoded palette #000",
  "views.css: .ws-linear-options b: hardcoded palette #8b5cf6",
  "views.css: .ws-provider-health-green: hardcoded palette #22c55e",
  "views.css: .ws-provider-health-amber: hardcoded palette #d97706",
  "views.css: .ws-linear-header-badge: hardcoded palette #8b5cf6",
  "views.css: .ws-pr-state-merged: hardcoded palette #9c6ade",
  "views.css: .ws-stack-current .ws-stack-layer: undocumented !important",
  "views.css: .ws-stack-current > .ws-stack-files, .ws-stack-current > .ws-stack-files *: undocumented !important",
  "views.css: .ws-stack-node-merged: hardcoded palette #9c6ade",
  "views.css: .ws-icon-button, .ws-new-thread: undocumented !important",
  "views.css: .ws-new-thread: undocumented !important",
  "views.css: .ws-thread-settings-menu: undocumented !important",
  "views.css: .ws-list: undocumented !important",
  "views.css: .ws-view-selector: undocumented !important",
  "views.css: .ws-view-selector button: undocumented !important",
  "views.css: .ws-list-toolbar: undocumented !important",
  "views.css: .ws-github-api-rate_limited: hardcoded palette #b45309",
  "views.css: .ws-task-assignee input: undocumented !important",
  "views.css: .ws-task-assignee input: undocumented !important",
  "views.css: .ws-work-card.ws-thread-task-card .ws-thread-task-list, .ws-work-card.ws-thread-task-card .ws-thread-task-attach, .ws-work-card.ws-thread-task-card .ws-thread-execution-list: all: unset",
  "views.css: .ws-task-priority-medium: hardcoded palette #d97706",
]
`;
